// Jest Snapshot v1, https://goo.gl/fbAQLP

exports[`Footer matched snapshot 1`] = `
<footer
  className="mt-auto py-3 text-center container"
>
  <span>
    Â©
  </span>
   QA Ltd 2019-2023
</footer>
`;
